# Create a graph
created graph graph1

# Add a node
added node n1 to graph1

# Print the nodes in the graph and the outgoing edges from n1
graph1 contains: n1
the children of n1 in graph1 are:
